{ Ast.prog_module = None; prog_imports = [];
  prog_decls =
  [(Ast.TopType
      { Ast.td_vis = Ast.Private;
        td_name =
        { Ast.name = "Meters";
          span =
          { Span.start_pos = { Span.line = 3; col = 1; offset = 35 };
            end_pos = { Span.line = 3; col = 6; offset = 40 };
            file = "conformance/valid/006_type_alias.affine" }
          };
        td_type_params = [];
        td_body =
        (Ast.TyAlias
           (Ast.TyCon
              { Ast.name = "Int";
                span =
                { Span.start_pos = { Span.line = 3; col = 13; offset = 47 };
                  end_pos = { Span.line = 3; col = 15; offset = 49 };
                  file = "conformance/valid/006_type_alias.affine" }
                }))
        });
    (Ast.TopType
       { Ast.td_vis = Ast.Private;
         td_name =
         { Ast.name = "Kilograms";
           span =
           { Span.start_pos = { Span.line = 4; col = 1; offset = 53 };
             end_pos = { Span.line = 4; col = 6; offset = 58 };
             file = "conformance/valid/006_type_alias.affine" }
           };
         td_type_params = [];
         td_body =
         (Ast.TyAlias
            (Ast.TyCon
               { Ast.name = "Float";
                 span =
                 { Span.start_pos = { Span.line = 4; col = 16; offset = 68 };
                   end_pos = { Span.line = 4; col = 18; offset = 70 };
                   file = "conformance/valid/006_type_alias.affine" }
                 }))
         });
    (Ast.TopType
       { Ast.td_vis = Ast.Private;
         td_name =
         { Ast.name = "Pair";
           span =
           { Span.start_pos = { Span.line = 5; col = 1; offset = 76 };
             end_pos = { Span.line = 5; col = 6; offset = 81 };
             file = "conformance/valid/006_type_alias.affine" }
           };
         td_type_params =
         [{ Ast.tp_quantity = None;
            tp_name =
            { Ast.name = "A";
              span =
              { Span.start_pos = { Span.line = 5; col = 10; offset = 85 };
                end_pos = { Span.line = 5; col = 11; offset = 86 };
                file = "conformance/valid/006_type_alias.affine" }
              };
            tp_kind = None };
           { Ast.tp_quantity = None;
             tp_name =
             { Ast.name = "B";
               span =
               { Span.start_pos = { Span.line = 5; col = 12; offset = 87 };
                 end_pos = { Span.line = 5; col = 14; offset = 89 };
                 file = "conformance/valid/006_type_alias.affine" }
               };
             tp_kind = None }
           ];
         td_body =
         (Ast.TyAlias
            (Ast.TyTuple
               [(Ast.TyCon
                   { Ast.name = "A";
                     span =
                     { Span.start_pos =
                       { Span.line = 5; col = 19; offset = 94 };
                       end_pos = { Span.line = 5; col = 20; offset = 95 };
                       file = "conformance/valid/006_type_alias.affine" }
                     });
                 (Ast.TyCon
                    { Ast.name = "B";
                      span =
                      { Span.start_pos =
                        { Span.line = 5; col = 21; offset = 96 };
                        end_pos = { Span.line = 5; col = 23; offset = 98 };
                        file = "conformance/valid/006_type_alias.affine" }
                      })
                 ]))
         });
    (Ast.TopType
       { Ast.td_vis = Ast.Private;
         td_name =
         { Ast.name = "IntPair";
           span =
           { Span.start_pos = { Span.line = 6; col = 1; offset = 101 };
             end_pos = { Span.line = 6; col = 6; offset = 106 };
             file = "conformance/valid/006_type_alias.affine" }
           };
         td_type_params = [];
         td_body =
         (Ast.TyAlias
            (Ast.TyApp (
               { Ast.name = "Pair";
                 span =
                 { Span.start_pos = { Span.line = 6; col = 14; offset = 114 };
                   end_pos = { Span.line = 6; col = 16; offset = 116 };
                   file = "conformance/valid/006_type_alias.affine" }
                 },
               [(Ast.TyArg
                   (Ast.TyCon
                      { Ast.name = "Int";
                        span =
                        { Span.start_pos =
                          { Span.line = 6; col = 20; offset = 120 };
                          end_pos = { Span.line = 6; col = 21; offset = 121 };
                          file = "conformance/valid/006_type_alias.affine" }
                        }));
                 (Ast.TyArg
                    (Ast.TyCon
                       { Ast.name = "Int";
                         span =
                         { Span.start_pos =
                           { Span.line = 6; col = 24; offset = 124 };
                           end_pos =
                           { Span.line = 6; col = 26; offset = 126 };
                           file = "conformance/valid/006_type_alias.affine" }
                         }))
                 ]
               )))
         });
    (Ast.TopType
       { Ast.td_vis = Ast.Private;
         td_name =
         { Ast.name = "StringList";
           span =
           { Span.start_pos = { Span.line = 7; col = 1; offset = 131 };
             end_pos = { Span.line = 7; col = 6; offset = 136 };
             file = "conformance/valid/006_type_alias.affine" }
           };
         td_type_params = [];
         td_body =
         (Ast.TyAlias
            (Ast.TyApp (
               { Ast.name = "List";
                 span =
                 { Span.start_pos = { Span.line = 7; col = 17; offset = 147 };
                   end_pos = { Span.line = 7; col = 19; offset = 149 };
                   file = "conformance/valid/006_type_alias.affine" }
                 },
               [(Ast.TyArg
                   (Ast.TyCon
                      { Ast.name = "String";
                        span =
                        { Span.start_pos =
                          { Span.line = 7; col = 23; offset = 153 };
                          end_pos = { Span.line = 7; col = 24; offset = 154 };
                          file = "conformance/valid/006_type_alias.affine" }
                        }))
                 ]
               )))
         })
    ]
  }
