{ Ast.prog_module = None; prog_imports = [];
  prog_decls =
  [(Ast.TopType
      { Ast.td_vis = Ast.Private;
        td_name =
        { Ast.name = "Option";
          span =
          { Span.start_pos = { Span.line = 3; col = 1; offset = 39 };
            end_pos = { Span.line = 3; col = 6; offset = 44 };
            file = "conformance/valid/010_pattern_match.affine" }
          };
        td_type_params =
        [{ Ast.tp_quantity = None;
           tp_name =
           { Ast.name = "T";
             span =
             { Span.start_pos = { Span.line = 3; col = 12; offset = 50 };
               end_pos = { Span.line = 3; col = 13; offset = 51 };
               file = "conformance/valid/010_pattern_match.affine" }
             };
           tp_kind = None }
          ];
        td_body =
        (Ast.TyEnum
           [{ Ast.vd_name =
              { Ast.name = "None";
                span =
                { Span.start_pos = { Span.line = 4; col = 3; offset = 58 };
                  end_pos = { Span.line = 4; col = 5; offset = 60 };
                  file = "conformance/valid/010_pattern_match.affine" }
                };
              vd_fields = []; vd_ret_ty = None };
             { Ast.vd_name =
               { Ast.name = "Some";
                 span =
                 { Span.start_pos = { Span.line = 5; col = 3; offset = 67 };
                   end_pos = { Span.line = 5; col = 5; offset = 69 };
                   file = "conformance/valid/010_pattern_match.affine" }
                 };
               vd_fields =
               [(Ast.TyCon
                   { Ast.name = "T";
                     span =
                     { Span.start_pos =
                       { Span.line = 5; col = 9; offset = 73 };
                       end_pos = { Span.line = 5; col = 10; offset = 74 };
                       file = "conformance/valid/010_pattern_match.affine" }
                     })
                 ];
               vd_ret_ty = None }
             ])
        });
    (Ast.TopFn
       { Ast.fd_vis = Ast.Private; fd_total = false;
         fd_name =
         { Ast.name = "unwrap_or";
           span =
           { Span.start_pos = { Span.line = 7; col = 1; offset = 78 };
             end_pos = { Span.line = 7; col = 4; offset = 81 };
             file = "conformance/valid/010_pattern_match.affine" }
           };
         fd_type_params =
         [{ Ast.tp_quantity = None;
            tp_name =
            { Ast.name = "T";
              span =
              { Span.start_pos = { Span.line = 7; col = 13; offset = 90 };
                end_pos = { Span.line = 7; col = 14; offset = 91 };
                file = "conformance/valid/010_pattern_match.affine" }
              };
            tp_kind = None }
           ];
         fd_params =
         [{ Ast.p_quantity = None; p_ownership = None;
            p_name =
            { Ast.name = "opt";
              span =
              { Span.start_pos = { Span.line = 7; col = 16; offset = 93 };
                end_pos = { Span.line = 7; col = 17; offset = 94 };
                file = "conformance/valid/010_pattern_match.affine" }
              };
            p_ty =
            (Ast.TyApp (
               { Ast.name = "Option";
                 span =
                 { Span.start_pos = { Span.line = 7; col = 20; offset = 97 };
                   end_pos = { Span.line = 7; col = 22; offset = 99 };
                   file = "conformance/valid/010_pattern_match.affine" }
                 },
               [(Ast.TyArg
                   (Ast.TyCon
                      { Ast.name = "T";
                        span =
                        { Span.start_pos =
                          { Span.line = 7; col = 28; offset = 105 };
                          end_pos = { Span.line = 7; col = 29; offset = 106 };
                          file = "conformance/valid/010_pattern_match.affine"
                          }
                        }))
                 ]
               ))
            };
           { Ast.p_quantity = None; p_ownership = None;
             p_name =
             { Ast.name = "default";
               span =
               { Span.start_pos = { Span.line = 7; col = 31; offset = 108 };
                 end_pos = { Span.line = 7; col = 33; offset = 110 };
                 file = "conformance/valid/010_pattern_match.affine" }
               };
             p_ty =
             (Ast.TyCon
                { Ast.name = "T";
                  span =
                  { Span.start_pos =
                    { Span.line = 7; col = 40; offset = 117 };
                    end_pos = { Span.line = 7; col = 42; offset = 119 };
                    file = "conformance/valid/010_pattern_match.affine" }
                  })
             }
           ];
         fd_ret_ty =
         (Some (Ast.TyCon
                  { Ast.name = "T";
                    span =
                    { Span.start_pos =
                      { Span.line = 7; col = 45; offset = 122 };
                      end_pos = { Span.line = 7; col = 48; offset = 125 };
                      file = "conformance/valid/010_pattern_match.affine" }
                    }));
         fd_eff = None; fd_where = [];
         fd_body =
         (Ast.FnBlock
            { Ast.blk_stmts = [];
              blk_expr =
              (Some Ast.ExprMatch {
                      em_scrutinee =
                      (Ast.ExprVar
                         { Ast.name = "opt";
                           span =
                           { Span.start_pos =
                             { Span.line = 8; col = 3; offset = 131 };
                             end_pos =
                             { Span.line = 8; col = 9; offset = 137 };
                             file =
                             "conformance/valid/010_pattern_match.affine" }
                           });
                      em_arms =
                      [{ Ast.ma_pat =
                         (Ast.PatCon (
                            { Ast.name = "None";
                              span =
                              { Span.start_pos =
                                { Span.line = 8; col = 13; offset = 141 };
                                end_pos =
                                { Span.line = 9; col = 5; offset = 147 };
                                file =
                                "conformance/valid/010_pattern_match.affine"
                                }
                              },
                            []));
                         ma_guard = None;
                         ma_body =
                         (Ast.ExprVar
                            { Ast.name = "default";
                              span =
                              { Span.start_pos =
                                { Span.line = 9; col = 10; offset = 152 };
                                end_pos =
                                { Span.line = 9; col = 13; offset = 155 };
                                file =
                                "conformance/valid/010_pattern_match.affine"
                                }
                              })
                         };
                        { Ast.ma_pat =
                          (Ast.PatCon (
                             { Ast.name = "Some";
                               span =
                               { Span.start_pos =
                                 { Span.line = 9; col = 20; offset = 162 };
                                 end_pos =
                                 { Span.line = 10; col = 5; offset = 168 };
                                 file =
                                 "conformance/valid/010_pattern_match.affine"
                                 }
                               },
                             [(Ast.PatVar
                                 { Ast.name = "x";
                                   span =
                                   { Span.start_pos =
                                     { Span.line = 10; col = 9; offset = 172
                                       };
                                     end_pos =
                                     { Span.line = 10; col = 10; offset = 173
                                       };
                                     file =
                                     "conformance/valid/010_pattern_match.affine"
                                     }
                                   })
                               ]
                             ));
                          ma_guard = None;
                          ma_body =
                          (Ast.ExprVar
                             { Ast.name = "x";
                               span =
                               { Span.start_pos =
                                 { Span.line = 10; col = 13; offset = 176 };
                                 end_pos =
                                 { Span.line = 10; col = 16; offset = 179 };
                                 file =
                                 "conformance/valid/010_pattern_match.affine"
                                 }
                               })
                          }
                        ]})
              })
         });
    (Ast.TopFn
       { Ast.fd_vis = Ast.Private; fd_total = false;
         fd_name =
         { Ast.name = "is_some";
           span =
           { Span.start_pos = { Span.line = 14; col = 1; offset = 188 };
             end_pos = { Span.line = 14; col = 4; offset = 191 };
             file = "conformance/valid/010_pattern_match.affine" }
           };
         fd_type_params =
         [{ Ast.tp_quantity = None;
            tp_name =
            { Ast.name = "T";
              span =
              { Span.start_pos = { Span.line = 14; col = 11; offset = 198 };
                end_pos = { Span.line = 14; col = 12; offset = 199 };
                file = "conformance/valid/010_pattern_match.affine" }
              };
            tp_kind = None }
           ];
         fd_params =
         [{ Ast.p_quantity = None; p_ownership = None;
            p_name =
            { Ast.name = "opt";
              span =
              { Span.start_pos = { Span.line = 14; col = 14; offset = 201 };
                end_pos = { Span.line = 14; col = 15; offset = 202 };
                file = "conformance/valid/010_pattern_match.affine" }
              };
            p_ty =
            (Ast.TyApp (
               { Ast.name = "Option";
                 span =
                 { Span.start_pos =
                   { Span.line = 14; col = 18; offset = 205 };
                   end_pos = { Span.line = 14; col = 20; offset = 207 };
                   file = "conformance/valid/010_pattern_match.affine" }
                 },
               [(Ast.TyArg
                   (Ast.TyCon
                      { Ast.name = "T";
                        span =
                        { Span.start_pos =
                          { Span.line = 14; col = 26; offset = 213 };
                          end_pos =
                          { Span.line = 14; col = 27; offset = 214 };
                          file = "conformance/valid/010_pattern_match.affine"
                          }
                        }))
                 ]
               ))
            }
           ];
         fd_ret_ty =
         (Some (Ast.TyCon
                  { Ast.name = "Bool";
                    span =
                    { Span.start_pos =
                      { Span.line = 14; col = 31; offset = 218 };
                      end_pos = { Span.line = 14; col = 34; offset = 221 };
                      file = "conformance/valid/010_pattern_match.affine" }
                    }));
         fd_eff = None; fd_where = [];
         fd_body =
         (Ast.FnBlock
            { Ast.blk_stmts = [];
              blk_expr =
              (Some Ast.ExprMatch {
                      em_scrutinee =
                      (Ast.ExprVar
                         { Ast.name = "opt";
                           span =
                           { Span.start_pos =
                             { Span.line = 15; col = 3; offset = 230 };
                             end_pos =
                             { Span.line = 15; col = 9; offset = 236 };
                             file =
                             "conformance/valid/010_pattern_match.affine" }
                           });
                      em_arms =
                      [{ Ast.ma_pat =
                         (Ast.PatCon (
                            { Ast.name = "None";
                              span =
                              { Span.start_pos =
                                { Span.line = 15; col = 13; offset = 240 };
                                end_pos =
                                { Span.line = 16; col = 5; offset = 246 };
                                file =
                                "conformance/valid/010_pattern_match.affine"
                                }
                              },
                            []));
                         ma_guard = None;
                         ma_body =
                         (Ast.ExprLit
                            (Ast.LitBool (false,
                               { Span.start_pos =
                                 { Span.line = 16; col = 10; offset = 251 };
                                 end_pos =
                                 { Span.line = 16; col = 13; offset = 254 };
                                 file =
                                 "conformance/valid/010_pattern_match.affine"
                                 }
                               )))
                         };
                        { Ast.ma_pat =
                          (Ast.PatCon (
                             { Ast.name = "Some";
                               span =
                               { Span.start_pos =
                                 { Span.line = 16; col = 18; offset = 259 };
                                 end_pos =
                                 { Span.line = 17; col = 5; offset = 265 };
                                 file =
                                 "conformance/valid/010_pattern_match.affine"
                                 }
                               },
                             [(Ast.PatWildcard
                                 { Span.start_pos =
                                   { Span.line = 17; col = 9; offset = 269 };
                                   end_pos =
                                   { Span.line = 17; col = 10; offset = 270 };
                                   file =
                                   "conformance/valid/010_pattern_match.affine"
                                   })
                               ]
                             ));
                          ma_guard = None;
                          ma_body =
                          (Ast.ExprLit
                             (Ast.LitBool (true,
                                { Span.start_pos =
                                  { Span.line = 17; col = 13; offset = 273 };
                                  end_pos =
                                  { Span.line = 17; col = 16; offset = 276 };
                                  file =
                                  "conformance/valid/010_pattern_match.affine"
                                  }
                                )))
                          }
                        ]})
              })
         });
    (Ast.TopFn
       { Ast.fd_vis = Ast.Private; fd_total = false;
         fd_name =
         { Ast.name = "describe_number";
           span =
           { Span.start_pos = { Span.line = 21; col = 1; offset = 288 };
             end_pos = { Span.line = 21; col = 4; offset = 291 };
             file = "conformance/valid/010_pattern_match.affine" }
           };
         fd_type_params = [];
         fd_params =
         [{ Ast.p_quantity = None; p_ownership = None;
            p_name =
            { Ast.name = "n";
              span =
              { Span.start_pos = { Span.line = 21; col = 19; offset = 306 };
                end_pos = { Span.line = 21; col = 20; offset = 307 };
                file = "conformance/valid/010_pattern_match.affine" }
              };
            p_ty =
            (Ast.TyCon
               { Ast.name = "Int";
                 span =
                 { Span.start_pos =
                   { Span.line = 21; col = 21; offset = 308 };
                   end_pos = { Span.line = 21; col = 23; offset = 310 };
                   file = "conformance/valid/010_pattern_match.affine" }
                 })
            }
           ];
         fd_ret_ty =
         (Some (Ast.TyCon
                  { Ast.name = "String";
                    span =
                    { Span.start_pos =
                      { Span.line = 21; col = 28; offset = 315 };
                      end_pos = { Span.line = 21; col = 31; offset = 318 };
                      file = "conformance/valid/010_pattern_match.affine" }
                    }));
         fd_eff = None; fd_where = [];
         fd_body =
         (Ast.FnBlock
            { Ast.blk_stmts = [];
              blk_expr =
              (Some Ast.ExprMatch {
                      em_scrutinee =
                      (Ast.ExprVar
                         { Ast.name = "n";
                           span =
                           { Span.start_pos =
                             { Span.line = 22; col = 3; offset = 329 };
                             end_pos =
                             { Span.line = 22; col = 9; offset = 335 };
                             file =
                             "conformance/valid/010_pattern_match.affine" }
                           });
                      em_arms =
                      [{ Ast.ma_pat =
                         (Ast.PatLit
                            (Ast.LitInt (0,
                               { Span.start_pos =
                                 { Span.line = 22; col = 11; offset = 337 };
                                 end_pos =
                                 { Span.line = 23; col = 5; offset = 343 };
                                 file =
                                 "conformance/valid/010_pattern_match.affine"
                                 }
                               )));
                         ma_guard = None;
                         ma_body =
                         (Ast.ExprLit
                            (Ast.LitString ("zero",
                               { Span.start_pos =
                                 { Span.line = 23; col = 7; offset = 345 };
                                 end_pos =
                                 { Span.line = 23; col = 15; offset = 353 };
                                 file =
                                 "conformance/valid/010_pattern_match.affine"
                                 }
                               )))
                         };
                        { Ast.ma_pat =
                          (Ast.PatLit
                             (Ast.LitInt (1,
                                { Span.start_pos =
                                  { Span.line = 23; col = 16; offset = 354 };
                                  end_pos =
                                  { Span.line = 24; col = 5; offset = 360 };
                                  file =
                                  "conformance/valid/010_pattern_match.affine"
                                  }
                                )));
                          ma_guard = None;
                          ma_body =
                          (Ast.ExprLit
                             (Ast.LitString ("one",
                                { Span.start_pos =
                                  { Span.line = 24; col = 7; offset = 362 };
                                  end_pos =
                                  { Span.line = 24; col = 14; offset = 369 };
                                  file =
                                  "conformance/valid/010_pattern_match.affine"
                                  }
                                )))
                          };
                        { Ast.ma_pat =
                          (Ast.PatWildcard
                             { Span.start_pos =
                               { Span.line = 24; col = 15; offset = 370 };
                               end_pos =
                               { Span.line = 25; col = 5; offset = 376 };
                               file =
                               "conformance/valid/010_pattern_match.affine" });
                          ma_guard = None;
                          ma_body =
                          (Ast.ExprLit
                             (Ast.LitString ("many",
                                { Span.start_pos =
                                  { Span.line = 25; col = 7; offset = 378 };
                                  end_pos =
                                  { Span.line = 25; col = 15; offset = 386 };
                                  file =
                                  "conformance/valid/010_pattern_match.affine"
                                  }
                                )))
                          }
                        ]})
              })
         })
    ]
  }
