{ Ast.prog_module = None; prog_imports = [];
  prog_decls =
  [(Ast.TopFn
      { Ast.fd_vis = Ast.Private; fd_total = false;
        fd_name =
        { Ast.name = "get_x";
          span =
          { Span.start_pos = { Span.line = 3; col = 1; offset = 39 };
            end_pos = { Span.line = 3; col = 4; offset = 42 };
            file = "conformance/valid/011_rows.affine" }
          };
        fd_type_params =
        [{ Ast.tp_quantity = None;
           tp_name =
           { Ast.name = "r";
             span =
             { Span.start_pos = { Span.line = 3; col = 9; offset = 47 };
               end_pos = { Span.line = 3; col = 10; offset = 48 };
               file = "conformance/valid/011_rows.affine" }
             };
           tp_kind = (Some Ast.KRow) }
          ];
        fd_params =
        [{ Ast.p_quantity = None; p_ownership = None;
           p_name =
           { Ast.name = "point";
             span =
             { Span.start_pos = { Span.line = 3; col = 14; offset = 52 };
               end_pos = { Span.line = 3; col = 15; offset = 53 };
               file = "conformance/valid/011_rows.affine" }
             };
           p_ty =
           (Ast.TyRecord (
              [{ Ast.rf_name =
                 { Ast.name = "x";
                   span =
                   { Span.start_pos =
                     { Span.line = 3; col = 22; offset = 60 };
                     end_pos = { Span.line = 3; col = 23; offset = 61 };
                     file = "conformance/valid/011_rows.affine" }
                   };
                 rf_ty =
                 (Ast.TyCon
                    { Ast.name = "Int";
                      span =
                      { Span.start_pos =
                        { Span.line = 3; col = 24; offset = 62 };
                        end_pos = { Span.line = 3; col = 26; offset = 64 };
                        file = "conformance/valid/011_rows.affine" }
                      })
                 }
                ],
              (Some { Ast.name = "r";
                      span =
                      { Span.start_pos =
                        { Span.line = 3; col = 29; offset = 67 };
                        end_pos = { Span.line = 3; col = 31; offset = 69 };
                        file = "conformance/valid/011_rows.affine" }
                      })
              ))
           }
          ];
        fd_ret_ty =
        (Some (Ast.TyCon
                 { Ast.name = "Int";
                   span =
                   { Span.start_pos =
                     { Span.line = 3; col = 37; offset = 75 };
                     end_pos = { Span.line = 3; col = 40; offset = 78 };
                     file = "conformance/valid/011_rows.affine" }
                   }));
        fd_eff = None; fd_where = [];
        fd_body =
        (Ast.FnBlock
           { Ast.blk_stmts = [];
             blk_expr =
             (Some (Ast.ExprField (
                      (Ast.ExprVar
                         { Ast.name = "point";
                           span =
                           { Span.start_pos =
                             { Span.line = 3; col = 44; offset = 82 };
                             end_pos =
                             { Span.line = 4; col = 3; offset = 86 };
                             file = "conformance/valid/011_rows.affine" }
                           }),
                      { Ast.name = "x";
                        span =
                        { Span.start_pos =
                          { Span.line = 4; col = 8; offset = 91 };
                          end_pos = { Span.line = 4; col = 9; offset = 92 };
                          file = "conformance/valid/011_rows.affine" }
                        }
                      )))
             })
        });
    (Ast.TopFn
       { Ast.fd_vis = Ast.Private; fd_total = false;
         fd_name =
         { Ast.name = "get_name";
           span =
           { Span.start_pos = { Span.line = 7; col = 1; offset = 97 };
             end_pos = { Span.line = 7; col = 4; offset = 100 };
             file = "conformance/valid/011_rows.affine" }
           };
         fd_type_params =
         [{ Ast.tp_quantity = None;
            tp_name =
            { Ast.name = "r";
              span =
              { Span.start_pos = { Span.line = 7; col = 12; offset = 108 };
                end_pos = { Span.line = 7; col = 13; offset = 109 };
                file = "conformance/valid/011_rows.affine" }
              };
            tp_kind = (Some Ast.KRow) }
           ];
         fd_params =
         [{ Ast.p_quantity = None; p_ownership = None;
            p_name =
            { Ast.name = "entity";
              span =
              { Span.start_pos = { Span.line = 7; col = 17; offset = 113 };
                end_pos = { Span.line = 7; col = 18; offset = 114 };
                file = "conformance/valid/011_rows.affine" }
              };
            p_ty =
            (Ast.TyRecord (
               [{ Ast.rf_name =
                  { Ast.name = "name";
                    span =
                    { Span.start_pos =
                      { Span.line = 7; col = 26; offset = 122 };
                      end_pos = { Span.line = 7; col = 27; offset = 123 };
                      file = "conformance/valid/011_rows.affine" }
                    };
                  rf_ty =
                  (Ast.TyCon
                     { Ast.name = "String";
                       span =
                       { Span.start_pos =
                         { Span.line = 7; col = 31; offset = 127 };
                         end_pos = { Span.line = 7; col = 33; offset = 129 };
                         file = "conformance/valid/011_rows.affine" }
                       })
                  }
                 ],
               (Some { Ast.name = "r";
                       span =
                       { Span.start_pos =
                         { Span.line = 7; col = 39; offset = 135 };
                         end_pos = { Span.line = 7; col = 41; offset = 137 };
                         file = "conformance/valid/011_rows.affine" }
                       })
               ))
            }
           ];
         fd_ret_ty =
         (Some (Ast.TyCon
                  { Ast.name = "String";
                    span =
                    { Span.start_pos =
                      { Span.line = 7; col = 47; offset = 143 };
                      end_pos = { Span.line = 7; col = 50; offset = 146 };
                      file = "conformance/valid/011_rows.affine" }
                    }));
         fd_eff = None; fd_where = [];
         fd_body =
         (Ast.FnBlock
            { Ast.blk_stmts = [];
              blk_expr =
              (Some (Ast.ExprField (
                       (Ast.ExprVar
                          { Ast.name = "entity";
                            span =
                            { Span.start_pos =
                              { Span.line = 7; col = 57; offset = 153 };
                              end_pos =
                              { Span.line = 8; col = 3; offset = 157 };
                              file = "conformance/valid/011_rows.affine" }
                            }),
                       { Ast.name = "name";
                         span =
                         { Span.start_pos =
                           { Span.line = 8; col = 9; offset = 163 };
                           end_pos =
                           { Span.line = 8; col = 10; offset = 164 };
                           file = "conformance/valid/011_rows.affine" }
                         }
                       )))
              })
         });
    (Ast.TopFn
       { Ast.fd_vis = Ast.Private; fd_total = false;
         fd_name =
         { Ast.name = "with_id";
           span =
           { Span.start_pos = { Span.line = 11; col = 1; offset = 172 };
             end_pos = { Span.line = 11; col = 4; offset = 175 };
             file = "conformance/valid/011_rows.affine" }
           };
         fd_type_params =
         [{ Ast.tp_quantity = None;
            tp_name =
            { Ast.name = "r";
              span =
              { Span.start_pos = { Span.line = 11; col = 11; offset = 182 };
                end_pos = { Span.line = 11; col = 12; offset = 183 };
                file = "conformance/valid/011_rows.affine" }
              };
            tp_kind = (Some Ast.KRow) }
           ];
         fd_params =
         [{ Ast.p_quantity = None; p_ownership = None;
            p_name =
            { Ast.name = "record";
              span =
              { Span.start_pos = { Span.line = 11; col = 16; offset = 187 };
                end_pos = { Span.line = 11; col = 17; offset = 188 };
                file = "conformance/valid/011_rows.affine" }
              };
            p_ty =
            (Ast.TyRecord ([],
               (Some { Ast.name = "r";
                       span =
                       { Span.start_pos =
                         { Span.line = 11; col = 25; offset = 196 };
                         end_pos = { Span.line = 11; col = 26; offset = 197 };
                         file = "conformance/valid/011_rows.affine" }
                       })
               ))
            };
           { Ast.p_quantity = None; p_ownership = None;
             p_name =
             { Ast.name = "id";
               span =
               { Span.start_pos = { Span.line = 11; col = 30; offset = 201 };
                 end_pos = { Span.line = 11; col = 32; offset = 203 };
                 file = "conformance/valid/011_rows.affine" }
               };
             p_ty =
             (Ast.TyCon
                { Ast.name = "Int";
                  span =
                  { Span.start_pos =
                    { Span.line = 11; col = 34; offset = 205 };
                    end_pos = { Span.line = 11; col = 36; offset = 207 };
                    file = "conformance/valid/011_rows.affine" }
                  })
             }
           ];
         fd_ret_ty =
         (Some (Ast.TyRecord (
                  [{ Ast.rf_name =
                     { Ast.name = "id";
                       span =
                       { Span.start_pos =
                         { Span.line = 11; col = 44; offset = 215 };
                         end_pos = { Span.line = 11; col = 45; offset = 216 };
                         file = "conformance/valid/011_rows.affine" }
                       };
                     rf_ty =
                     (Ast.TyCon
                        { Ast.name = "Int";
                          span =
                          { Span.start_pos =
                            { Span.line = 11; col = 47; offset = 218 };
                            end_pos =
                            { Span.line = 11; col = 49; offset = 220 };
                            file = "conformance/valid/011_rows.affine" }
                          })
                     }
                    ],
                  (Some { Ast.name = "r";
                          span =
                          { Span.start_pos =
                            { Span.line = 11; col = 52; offset = 223 };
                            end_pos =
                            { Span.line = 11; col = 54; offset = 225 };
                            file = "conformance/valid/011_rows.affine" }
                          })
                  )));
         fd_eff = None; fd_where = [];
         fd_body =
         (Ast.FnBlock
            { Ast.blk_stmts = [];
              blk_expr =
              (Some Ast.ExprRecord {
                      er_fields =
                      [({ Ast.name = "id";
                          span =
                          { Span.start_pos =
                            { Span.line = 12; col = 3; offset = 234 };
                            end_pos =
                            { Span.line = 12; col = 5; offset = 236 };
                            file = "conformance/valid/011_rows.affine" }
                          },
                        (Some (Ast.ExprVar
                                 { Ast.name = "id";
                                   span =
                                   { Span.start_pos =
                                     { Span.line = 12; col = 7; offset = 238
                                       };
                                     end_pos =
                                     { Span.line = 12; col = 9; offset = 240
                                       };
                                     file =
                                     "conformance/valid/011_rows.affine" }
                                   })))
                        ];
                      er_spread =
                      (Some (Ast.ExprVar
                               { Ast.name = "record";
                                 span =
                                 { Span.start_pos =
                                   { Span.line = 12; col = 11; offset = 242 };
                                   end_pos =
                                   { Span.line = 12; col = 13; offset = 244 };
                                   file = "conformance/valid/011_rows.affine"
                                   }
                                 }))})
              })
         });
    (Ast.TopType
       { Ast.td_vis = Ast.Private;
         td_name =
         { Ast.name = "HasPosition";
           span =
           { Span.start_pos = { Span.line = 15; col = 1; offset = 258 };
             end_pos = { Span.line = 15; col = 6; offset = 263 };
             file = "conformance/valid/011_rows.affine" }
           };
         td_type_params =
         [{ Ast.tp_quantity = None;
            tp_name =
            { Ast.name = "r";
              span =
              { Span.start_pos = { Span.line = 15; col = 17; offset = 274 };
                end_pos = { Span.line = 15; col = 18; offset = 275 };
                file = "conformance/valid/011_rows.affine" }
              };
            tp_kind = (Some Ast.KRow) }
           ];
         td_body =
         (Ast.TyAlias
            (Ast.TyRecord (
               [{ Ast.rf_name =
                  { Ast.name = "x";
                    span =
                    { Span.start_pos =
                      { Span.line = 15; col = 25; offset = 282 };
                      end_pos = { Span.line = 15; col = 26; offset = 283 };
                      file = "conformance/valid/011_rows.affine" }
                    };
                  rf_ty =
                  (Ast.TyCon
                     { Ast.name = "Int";
                       span =
                       { Span.start_pos =
                         { Span.line = 15; col = 27; offset = 284 };
                         end_pos = { Span.line = 15; col = 29; offset = 286 };
                         file = "conformance/valid/011_rows.affine" }
                       })
                  };
                 { Ast.rf_name =
                   { Ast.name = "y";
                     span =
                     { Span.start_pos =
                       { Span.line = 15; col = 32; offset = 289 };
                       end_pos = { Span.line = 15; col = 34; offset = 291 };
                       file = "conformance/valid/011_rows.affine" }
                     };
                   rf_ty =
                   (Ast.TyCon
                      { Ast.name = "Int";
                        span =
                        { Span.start_pos =
                          { Span.line = 15; col = 35; offset = 292 };
                          end_pos =
                          { Span.line = 15; col = 37; offset = 294 };
                          file = "conformance/valid/011_rows.affine" }
                        })
                   }
                 ],
               (Some { Ast.name = "r";
                       span =
                       { Span.start_pos =
                         { Span.line = 15; col = 40; offset = 297 };
                         end_pos = { Span.line = 15; col = 42; offset = 299 };
                         file = "conformance/valid/011_rows.affine" }
                       })
               )))
         });
    (Ast.TopType
       { Ast.td_vis = Ast.Private;
         td_name =
         { Ast.name = "HasName";
           span =
           { Span.start_pos = { Span.line = 16; col = 1; offset = 304 };
             end_pos = { Span.line = 16; col = 6; offset = 309 };
             file = "conformance/valid/011_rows.affine" }
           };
         td_type_params =
         [{ Ast.tp_quantity = None;
            tp_name =
            { Ast.name = "r";
              span =
              { Span.start_pos = { Span.line = 16; col = 13; offset = 316 };
                end_pos = { Span.line = 16; col = 14; offset = 317 };
                file = "conformance/valid/011_rows.affine" }
              };
            tp_kind = (Some Ast.KRow) }
           ];
         td_body =
         (Ast.TyAlias
            (Ast.TyRecord (
               [{ Ast.rf_name =
                  { Ast.name = "name";
                    span =
                    { Span.start_pos =
                      { Span.line = 16; col = 21; offset = 324 };
                      end_pos = { Span.line = 16; col = 22; offset = 325 };
                      file = "conformance/valid/011_rows.affine" }
                    };
                  rf_ty =
                  (Ast.TyCon
                     { Ast.name = "String";
                       span =
                       { Span.start_pos =
                         { Span.line = 16; col = 26; offset = 329 };
                         end_pos = { Span.line = 16; col = 28; offset = 331 };
                         file = "conformance/valid/011_rows.affine" }
                       })
                  }
                 ],
               (Some { Ast.name = "r";
                       span =
                       { Span.start_pos =
                         { Span.line = 16; col = 34; offset = 337 };
                         end_pos = { Span.line = 16; col = 36; offset = 339 };
                         file = "conformance/valid/011_rows.affine" }
                       })
               )))
         })
    ]
  }
