{ Ast.prog_module = None; prog_imports = [];
  prog_decls =
  [(Ast.TopFn
      { Ast.fd_vis = Ast.Private; fd_total = false;
        fd_name =
        { Ast.name = "main";
          span =
          { Span.start_pos = { Span.line = 2; col = 1; offset = 22 };
            end_pos = { Span.line = 2; col = 4; offset = 25 };
            file = "test/golden/hello.affine" }
          };
        fd_type_params = []; fd_params = [];
        fd_ret_ty = (Some (Ast.TyTuple [])); fd_eff = None; fd_where = [];
        fd_body =
        (Ast.FnBlock
           { Ast.blk_stmts = [];
             blk_expr =
             (Some (Ast.ExprLit
                      (Ast.LitUnit
                         { Span.start_pos =
                           { Span.line = 2; col = 17; offset = 38 };
                           end_pos = { Span.line = 3; col = 4; offset = 43 };
                           file = "test/golden/hello.affine" })))
             })
        })
    ]
  }
